// Jest Snapshot v1, https://goo.gl/fbAQLP

exports[`article search app should render relevant articles pertaining to the search 1`] = `
<ul
  aria-label="articles"
>
  <li>
    <h1>
      China is about to attempt a highly ambitious landing on Mars - Ars Technica
    </h1>
    <figure>
      <img
        alt="China is about to attempt a highly ambitious landing on Mars - Ars Technica"
        src="https://cdn.arstechnica.net/wp-content/uploads/2021/05/GettyImages-1232536260-760x380.jpg"
        style="width: 200px;"
      />
      <figcaption>
        There is a lot of intrigue surrounding the mission. Will the lander survive?
      </figcaption>
    </figure>
    <h3>
      Eric Berger
    </h3>
    <p>
      Enlarge/ Photo taken on Dec. 4, 2020, shows the model of China's first Mars probe Tianwen-1 lander and Zhurong rover at the Zhejiang International Intelligent Transportation Industry Expo 2020.
33 w… [+2703 chars]
    </p>
    ;
  </li>
  <li>
    <h1>
      Gov. Whitmer lifts mask requirements for fully vaccinated residents starting Saturday - WXYZ
    </h1>
    <figure>
      <img
        alt="Gov. Whitmer lifts mask requirements for fully vaccinated residents starting Saturday - WXYZ"
        src="https://ewscripps.brightspotcdn.com/dims4/default/919afcd/2147483647/strip/true/crop/4032x2117+0+454/resize/1200x630!/quality/90/?url=http%3A%2F%2Fewscripps-brightspot.s3.amazonaws.com%2F67%2Fe0%2F529cabb94c758d2dd18404d59e06%2Fmask.jpg"
        style="width: 200px;"
      />
      <figcaption>
        Fully vaccinated Michiganders will no longer be required to wear a mask or face covering indoors or outdoors, Gov. Gretchen Whitmer announced Friday.
      </figcaption>
    </figure>
    <h3 />
    <p>
      (WXYZ) Fully vaccinated Michiganders will no longer be required to wear a mask or face covering indoors or outdoors, Gov. Gretchen Whitmer announced Friday.
RELATED: 'Not a fan.' Reaction pours in a… [+2779 chars]
    </p>
    ;
  </li>
  <li>
    <h1>
      Qinxuan Pan, suspect in Yale student Kevin Jiang's murder, is arrested - Fox News
    </h1>
    <figure>
      <img
        alt="Qinxuan Pan, suspect in Yale student Kevin Jiang's murder, is arrested - Fox News"
        src="https://static.foxnews.com/foxnews.com/content/uploads/2021/04/Pan-Jiang.jpg"
        style="width: 200px;"
      />
      <figcaption>
        The fugitive sought in the killing of a Yale graduate student in Connecticut in February has been taken into custody in Alabama, U.S. Marshals announced Friday.
      </figcaption>
    </figure>
    <h3>
      Greg Norman
    </h3>
    <p>
      Qinxuan Pan, the fugitive sought in the killing of a Yale graduate student in Connecticut in February, has been taken into custody in Alabama, U.S. Marshals announced Friday. 
An international arres… [+2511 chars]
    </p>
    ;
  </li>
  <li>
    <h1>
      Michael Chandler Stops By After Making Weight | UFC 262 - UFC - Ultimate Fighting Championship
    </h1>
    <figure>
      <img
        alt="Michael Chandler Stops By After Making Weight | UFC 262 - UFC - Ultimate Fighting Championship"
        style="width: 200px;"
      />
      <figcaption />
    </figure>
    <h3 />
    <p />
    ;
  </li>
  <li>
    <h1>
      The Verge’s Graduation Gift Guide 2021: the best gifts for high school and college grads - The Verge
    </h1>
    <figure>
      <img
        alt="The Verge’s Graduation Gift Guide 2021: the best gifts for high school and college grads - The Verge"
        src="https://cdn.vox-cdn.com/thumbor/ryaMx9apsPFh8cyjuPy9I6D-88c=/0x41:2050x1114/fit-in/1200x630/cdn.vox-cdn.com/uploads/chorus_asset/file/22512319/The_Verge_Graduation_Gift_Guide_2021_2.jpg"
        style="width: 200px;"
      />
      <figcaption>
        For the 2021 graduation gift guide, we’ve put together a list of devices and other products that will make it easier for graduates to start on their new adventure: Macs, Chromebooks, and Windows PCs; earbuds and speakers; and stuff to help with cooking, gamin…
      </figcaption>
    </figure>
    <h3>
      Verge Staff
    </h3>
    <p>
      Logitech G502 gaming mouse
The Logitech G502 Lightspeed is a great gaming mouse for discerning gamers who dont want to compromise. Its comfortable, feature-packed, and even though its wireless, its … [+6448 chars]
    </p>
    ;
  </li>
  <li>
    <h1>
      Iowa’s 7-day COVID-19 positivity rate drops to 3% - KCCI Des Moines
    </h1>
    <figure>
      <img
        alt="Iowa’s 7-day COVID-19 positivity rate drops to 3% - KCCI Des Moines"
        src="https://kubrick.htvapps.com/htv-prod-media.s3.amazonaws.com/images/coronavirus-covid-19-impact-1615576239.jpg?crop=1.00xw:1.00xh;0,0&resize=1200:*"
        style="width: 200px;"
      />
      <figcaption>
        Iowa’s COVID-19 positivity rates continue to decline, and hospitalizations are at the lowest level since last July.
      </figcaption>
    </figure>
    <h3 />
    <p>
      DES MOINES, Iowa —Iowas COVID-19 positivity rates continue to decline, and hospitalizations are at the lowest level since last July.
The Iowa Department of Public Health reported 283 new positive CO… [+1200 chars]
    </p>
    ;
  </li>
  <li>
    <h1>
      New CDC mask guidance may spur more Americans to get Covid vaccine, says Dr. Scott Gottlieb - CNBC
    </h1>
    <figure>
      <img
        alt="New CDC mask guidance may spur more Americans to get Covid vaccine, says Dr. Scott Gottlieb - CNBC"
        src="https://image.cnbcfm.com/api/v1/image/106851976-1615392289044-wall.jpg?v=1615392344"
        style="width: 200px;"
      />
      <figcaption>
        Former FDA chief Dr. Scott Gottlieb told CNBC more Americans may go get vaccinated due to the CDC's relaxed mask guidance.
      </figcaption>
    </figure>
    <h3>
      Kevin Stankiewicz
    </h3>
    <p>
      The CDC's updated face mask guidance is likely to prompt vaccine-hesitant Americans to get a Covid shot, Dr. Scott Gottlieb told CNBC on Friday.
"This is going to provide a pretty strong incentive f… [+3569 chars]
    </p>
    ;
  </li>
  <li>
    <h1>
      House Makes Deal On Commission To Investigate Capitol Riot - NPR
    </h1>
    <figure>
      <img
        alt="House Makes Deal On Commission To Investigate Capitol Riot - NPR"
        src="https://media.npr.org/assets/img/2021/05/14/ap_21006789526874_wide-ab0fd4ebb9d8cea019f9977295da0687511c0127.jpg?s=1400"
        style="width: 200px;"
      />
      <figcaption>
        The panel would comprise 10 members, evenly split between Democratic and Republican appointees. It would have subpoena power and be required to issue a final report by Dec. 31.
      </figcaption>
    </figure>
    <h3 />
    <p>
      Supporters of President Donald Trump climb the west wall of the the U.S. Capitol on Jan. 6.
Jose Luis Magana/AP
House lawmakers have a reached a deal on a bipartisan commission to investigate the J… [+4835 chars]
    </p>
    ;
  </li>
  <li>
    <h1>
      Palestinians flee as Israeli artillery pounds northern Gaza - The Associated Press
    </h1>
    <figure>
      <img
        alt="Palestinians flee as Israeli artillery pounds northern Gaza - The Associated Press"
        src="https://storage.googleapis.com/afs-prod/media/9121a81f6ea648cd9ec0636b4b7aa4e2/3000.jpeg"
        style="width: 200px;"
      />
      <figcaption>
        GAZA CITY, Gaza Strip (AP) — Palestinian health officials say six Palestinians were killed by Israeli army fire in the West Bank on Friday. The health ministry says five were killed in stone-throwing clashes with Israeli forces in several locations, and a six…
      </figcaption>
    </figure>
    <h3>
      Fares Akram
    </h3>
    <p>
      GAZA CITY, Gaza Strip (AP) Palestinian health officials say six Palestinians were killed by Israeli army fire in the West Bank on Friday.
The health ministry says five were killed in stone-throwing … [+8674 chars]
    </p>
    ;
  </li>
  <li>
    <h1>
      Packers Friday Musings: Can TJ Slaton help reverse misfortunes with D-line selections? - Acme Packing Company
    </h1>
    <figure>
      <img
        alt="Packers Friday Musings: Can TJ Slaton help reverse misfortunes with D-line selections? - Acme Packing Company"
        src="https://cdn.vox-cdn.com/thumbor/FPU274XZU_STRXtX9efebV_OxBY=/0x193:2294x1394/fit-in/1200x630/cdn.vox-cdn.com/uploads/chorus_asset/file/22513576/usa_today_11918793.jpg"
        style="width: 200px;"
      />
      <figcaption>
        The past decade of draft choices along the defensive line has been sketchy in terms of finding reliable rotational pieces.
      </figcaption>
    </figure>
    <h3>
      Shawn Wagner
    </h3>
    <p>
      Over the past week, the Green Bay Packers have learned their upcoming season schedule and begun to lock up their latest draft selections one-by-one. While the uncertainty and rumors continue to swirl… [+6797 chars]
    </p>
    ;
  </li>
  <li>
    <h1>
      Pipeline hack: Is the gas shortage over now that Colonial is back up? - CNET
    </h1>
    <figure>
      <img
        alt="Pipeline hack: Is the gas shortage over now that Colonial is back up? - CNET"
        src="https://www.cnet.com/a/img/uAdMCJCUK9CUAwGj2UCmVh7X7qU=/0x321:3000x2000/1200x630/2021/03/03/0ae0a3ad-37f1-47f7-82de-9c120d542eba/gettyimages-1214175764.jpg"
        style="width: 200px;"
      />
      <figcaption>
        The major East Coast pipeline is again serving all of its markets though it may take a few days to get back to full service.
      </figcaption>
    </figure>
    <h3>
      Andrew Morse
    </h3>
    <p>
      Colonial Pipeline was the target of a ransomware attack that forced it to shut down operations.
Getty Images
Colonial Pipeline, which shut down after a ransomware attack last week, has resumed deli… [+7539 chars]
    </p>
    ;
  </li>
  <li>
    <h1>
      Where to preorder the black and red DualSense controllers for the PS5 - The Verge
    </h1>
    <figure>
      <img
        alt="Where to preorder the black and red DualSense controllers for the PS5 - The Verge"
        src="https://cdn.vox-cdn.com/thumbor/ng3Zv50UlZC2qx8wvl_U1wR3s4M=/0x31:1600x869/fit-in/1200x630/cdn.vox-cdn.com/uploads/chorus_asset/file/22511516/51176194136_6b76edb34d_h.jpeg"
        style="width: 200px;"
      />
      <figcaption>
        The PlayStation 5’s DualSense controller will soon come in two additional colors: midnight black and cosmic red. They’re now available for preorder for $69.99 and $74.99, respectively, and feature a two-tone design.
      </figcaption>
    </figure>
    <h3>
      Brandon Widder
    </h3>
    <p>
      Now, if only you could pick up a console
If you buy something from a Verge link, Vox Media may earn a commission. See our ethics statement.
The new DualSense controller comes in two iterations: Mid… [+2561 chars]
    </p>
    ;
  </li>
  <li>
    <h1>
      Since-deleted video shows Marjorie Taylor Greene harassing Alexandria Ocasio-Cortez's office during 2019 Capitol Hill visit - CNN 
    </h1>
    <figure>
      <img
        alt="Since-deleted video shows Marjorie Taylor Greene harassing Alexandria Ocasio-Cortez's office during 2019 Capitol Hill visit - CNN "
        src="https://cdn.cnn.com/cnnnext/dam/assets/210513181116-marjorie-taylor-greene-alexandria-ocasio-cortez-washington-post-dusa-vo-cnne-00001012-super-tease.png"
        style="width: 200px;"
      />
      <figcaption>
        Republican Rep. Marjorie Taylor Greene confronted Democratic Rep. Alexandria Ocasio-Cortez outside the House chamber on Wednesday afternoon. The incident, first reported by The Washington Post, was just the latest of several hostile confrontations the Georgia…
      </figcaption>
    </figure>
    <h3>
      Em Steck and Andrew Kaczynski, CNN
    </h3>
    <p>
      (CNN)Republican Rep. Marjorie Taylor Greene confronted Democratic Rep. Alexandria Ocasio-Cortez outside the House chamber on Wednesday afternoon. The incident, first reported by The Washington Post, … [+5143 chars]
    </p>
    ;
  </li>
  <li>
    <h1>
      Jennifer Lawrence freaks out over Jennifer Lopez-Ben Affleck reunion - Page Six
    </h1>
    <figure>
      <img
        alt="Jennifer Lawrence freaks out over Jennifer Lopez-Ben Affleck reunion - Page Six"
        src="https://pagesix.com/wp-content/uploads/sites/3/2021/05/jennifer-lawence-ben-affleck-jennifer-lopez-62.jpg?quality=90&strip=all&w=1200"
        style="width: 200px;"
      />
      <figcaption>
        Add Jennifer Lawrence to the growing list of fans losing it over the possibility of “Bennifer: Part 2.”
      </figcaption>
    </figure>
    <h3>
      Jaclyn Hendricks
    </h3>
    <p>
      Add Jennifer Lawrence to the growing list of fans losing it over the possibility of “Bennifer: Part 2.”
The Oscar-winning actress, 30, had an expletive-filled reaction to Jennifer Lopez’s recent reu… [+1972 chars]
    </p>
    ;
  </li>
  <li>
    <h1>
      'Halston' dresses up Ewan McGregor as the fashion icon in an era of excess - CNN 
    </h1>
    <figure>
      <img
        alt="'Halston' dresses up Ewan McGregor as the fashion icon in an era of excess - CNN "
        src="https://cdn.cnn.com/cnnnext/dam/assets/210510101912-halston-ewan-mcgregor-super-tease.jpg"
        style="width: 200px;"
      />
      <figcaption>
        "Halston" follows the familiar rise-and-fall structure of cinematic biographies — think "Citizen Kane," only with more sex, better clothes and disco.
      </figcaption>
    </figure>
    <h3>
      Review by Brian Lowry, CNN
    </h3>
    <p>
      (CNN)"Halston" follows the familiar rise-and-fall structure of cinematic biographies think "Citizen Kane," only with more sex, better clothes and disco. Yet what really defines this style-over-substa… [+3483 chars]
    </p>
    ;
  </li>
  <li>
    <h1>
      Elise Stefanik Replaces Liz Cheney As GOP Conference Chair - NPR
    </h1>
    <figure>
      <img
        alt="Elise Stefanik Replaces Liz Cheney As GOP Conference Chair - NPR"
        src="https://media.npr.org/assets/img/2021/05/14/gettyimages-1317984326_wide-7bbf2d98345864065e270f6864d0ab61f39521c4.jpg?s=1400"
        style="width: 200px;"
      />
      <figcaption>
        The vote came two days after House Republicans ousted Rep. Liz Cheney of Wyoming from the leadership role following her continued criticism of former President Donald Trump.
      </figcaption>
    </figure>
    <h3 />
    <p>
      Rep. Elise Stefanik, R-N.Y., speaks to reporters Friday after her election as House Republican Conference chair. Stefanik called former President Donald Trump "a critical part of our Republican team.… [+4155 chars]
    </p>
    ;
  </li>
  <li>
    <h1>
      Samsung Galaxy Book Pro 360 review: It's like a Galaxy Note in laptop form - CNET
    </h1>
    <figure>
      <img
        alt="Samsung Galaxy Book Pro 360 review: It's like a Galaxy Note in laptop form - CNET"
        style="width: 200px;"
      />
      <figcaption />
    </figure>
    <h3 />
    <p />
    ;
  </li>
  <li>
    <h1>
      Michigan COVID: Here's what to know May 14, 2021 - WDIV ClickOnDetroit
    </h1>
    <figure>
      <img
        alt="Michigan COVID: Here's what to know May 14, 2021 - WDIV ClickOnDetroit"
        src="https://www.clickondetroit.com/resizer/s4L1L-nUTaAja6vetqPNQlLodXU=/800x484/smart/filters:format(jpeg):strip_exif(true):strip_icc(true):no_upscale(true):quality(65):fill(FFF)/cloudfront-us-east-1.images.arcpublishing.com/gmg/5KR2SMTRWNDT7MWITH7BAKODZ4.png"
        style="width: 200px;"
      />
      <figcaption>
        Here is the latest news on the coronavirus in Michigan.
      </figcaption>
    </figure>
    <h3>
      Cassidy Johncox, Dave Bartkowiak Jr.
    </h3>
    <p>
      DETROIT The number of confirmed cases of the coronavirus (COVID-19) in Michigan has risen to 871,569 as of Thursday, including 18,467 deaths, state officials report.
Thursdays update includes a tota… [+10865 chars]
    </p>
    ;
  </li>
  <li>
    <h1>
      Elon Musk says Tesla is pushing ahead with 'full self-driving' a month after fatal crash - CNN
    </h1>
    <figure>
      <img
        alt="Elon Musk says Tesla is pushing ahead with 'full self-driving' a month after fatal crash - CNN"
        src="https://cdn.cnn.com/cnnnext/dam/assets/210419101209-tesla-autopilot-crash-tx-0417-super-tease.jpg"
        style="width: 200px;"
      />
      <figcaption>
        Tesla seems ready to move forward with a broader roll out of its autonomous driving software after a federal government investigation raised questions about initial, headline-grabbing findings from a fatal Tesla crash in Spring, Texas, last month.
      </figcaption>
    </figure>
    <h3>
      Matt McFarland, CNN Business
    </h3>
    <p>
      Washington, DC (CNN)Tesla seems ready to move forward with a broader roll out of its autonomous driving software after a federal government investigation raised questions about initial, headline-grab… [+4301 chars]
    </p>
    ;
  </li>
  <li>
    <h1>
      Unheard Nas, 50 Cent, Black Thought Verses Featured On Leaked Kobe Bryant Rap Album - HipHopDX
    </h1>
    <figure>
      <img
        alt="Unheard Nas, 50 Cent, Black Thought Verses Featured On Leaked Kobe Bryant Rap Album - HipHopDX"
        src="https://static.hiphopdx.com/2021/05/kobe-480x270.gif"
        style="width: 200px;"
      />
      <figcaption>
        Kobe Bryant's unreleased album leaked on Thursday (May 13) and boasts features from Nas, 50 Cent, Black Thought and Beanie Siegel.
      </figcaption>
    </figure>
    <h3>
      Mark Elibert
    </h3>
    <p>
      There was a time in 1999 where NBA legend Kobe Bryant spent three weeks honing his rap skills and created a Hip Hop album tentatively titled Visions. There were plans to release the album and Kobe ki… [+2169 chars]
    </p>
    ;
  </li>
</ul>
`;
