// Jest Snapshot v1, https://goo.gl/fbAQLP

exports[`article search app should render relevant articles pertaining to the search 1`] = `
<ul
  aria-label="articles"
>
  <li>
    <h1>
      Pelosi condemns ‘sick’ Republican efforts to downplay Capitol attack – live - The Guardian
    </h1>
    <figure>
      <img
        alt="Pelosi condemns ‘sick’ Republican efforts to downplay Capitol attack – live - The Guardian"
        src="https://i.guim.co.uk/img/media/0f34f847fa918c7edf60a9d086c055590aed8ba5/0_130_5169_3103/master/5169.jpg?width=1200&height=630&quality=85&auto=format&fit=crop&overlay-align=bottom%2Cleft&overlay-width=100p&overlay-base64=L2ltZy9zdGF0aWMvb3ZlcmxheXMvdGctbGl2ZS5wbmc&enable=upscale&s=b0b7cf5d7fdd8489968752cf92a2df46"
        style="width: 200px;"
      />
      <figcaption>
        House speaker says comment from Republican congressman was ‘beyond denial. It fell into the range of sick’ – follow the latest live
      </figcaption>
    </figure>
    <h3>
      Joan E Greve, Oliver Milman
    </h3>
    <p />
    ;
  </li>
  <li>
    <h1>
      Judge postpones trial for 3 ex-cops charged in Floyd's death - Associated Press
    </h1>
    <figure>
      <img
        alt="Judge postpones trial for 3 ex-cops charged in Floyd's death - Associated Press"
        src="https://storage.googleapis.com/afs-prod/media/8e5e13bf88934629a731fd41cc401009/3000.jpeg"
        style="width: 200px;"
      />
      <figcaption>
        MINNEAPOLIS (AP) — The trial of three former Minneapolis police officers charged with aiding and abetting in the death of George Floyd   will be pushed back to March 2022, in part to allow the publicity over Derek Chauvin's conviction to cool off, a judge rul…
      </figcaption>
    </figure>
    <h3>
      Amy Forliti
    </h3>
    <p>
      MINNEAPOLIS (AP) The trial of three former Minneapolis police officers charged with aiding and abetting in the death of George Floyd will be pushed back to March 2022, in part to allow the publicity … [+5344 chars]
    </p>
    ;
  </li>
  <li>
    <h1>
      Central Pa. weather: cool stretch continues, but warmer days are on the horizon - WGAL Susquehanna Valley Pa.
    </h1>
    <figure>
      <img
        alt="Central Pa. weather: cool stretch continues, but warmer days are on the horizon - WGAL Susquehanna Valley Pa."
        src="https://kubrick.htvapps.com/vidthumb/images/central-pennsylvania-10-day-forecast-1620905744.jpg?crop=1xw:1xh;center,top&resize=1200:*"
        style="width: 200px;"
      />
      <figcaption>
        WGAL News 8 Storm Team forecast
      </figcaption>
    </figure>
    <h3>
      Christine Ferreira
    </h3>
    <p />
    ;
  </li>
  <li>
    <h1>
      Bitcoin 'is going to be just fine without Elon': Celsius Network CEO - Yahoo Finance
    </h1>
    <figure>
      <img
        alt="Bitcoin 'is going to be just fine without Elon': Celsius Network CEO - Yahoo Finance"
        src="https://s.yimg.com/ny/api/res/1.2/toeM.QS6mlVX5rUAXmQlRw--/YXBwaWQ9aGlnaGxhbmRlcjt3PTIwMDA7aD0xMTI1/https://s.yimg.com/hd/cp-video-transcode/prod/2021-05/13/609d461a60b4aa6168ac492e/609d461a60b4aa6168ac492f_o_U_v2.jpg"
        style="width: 200px;"
      />
      <figcaption>
        Bitcoin falls as Elon Musk announces that Tesla will no longer accept Bitcoin. Celsius Network Founder and CEO Alex Mashinsky joins Yahoo Finance Live to...
      </figcaption>
    </figure>
    <h3>
      Yahoo Finance Video
    </h3>
    <p>
      Investing is all about profits, and part of generating profits is knowing when to start the game. The old adage says to buy low and sell high, and while its tempting just to discount cliches like tha… [+8818 chars]
    </p>
    ;
  </li>
  <li>
    <h1>
      Where children 12 and up can get the Pfizer COVID-19 vaccine in California - KCRA Sacramento
    </h1>
    <figure>
      <img
        alt="Where children 12 and up can get the Pfizer COVID-19 vaccine in California - KCRA Sacramento"
        src="https://kubrick.htvapps.com/htv-prod-media.s3.amazonaws.com/images/pfizer-1608344968.jpg?crop=1.00xw:1.00xh;0,0&resize=1200:*"
        style="width: 200px;"
      />
      <figcaption>
        COVID-19 vaccine appointments are becoming available in California for children ages 12 to 15 after health officials endorsed the use of the Pfizer vaccine for this age range.
      </figcaption>
    </figure>
    <h3>
      KCRA Staff
    </h3>
    <p>
      SACRAMENTO, Calif. —COVID-19 vaccine appointments are becoming available in California for children ages 12 to 15 after health officials endorsed the use of the Pfizer vaccine for this age range. 
R… [+2053 chars]
    </p>
    ;
  </li>
  <li>
    <h1>
      Discord announces threads, Stage discovery, paid tickets for Stages - Polygon
    </h1>
    <figure>
      <img
        alt="Discord announces threads, Stage discovery, paid tickets for Stages - Polygon"
        src="https://cdn.vox-cdn.com/thumbor/P9Q2bTFl_NXpxKXjnA-o6pkQfu0=/34x0:1467x750/fit-in/1200x630/cdn.vox-cdn.com/uploads/chorus_asset/file/22511751/Discord_IAP_KeyVisuals_Header_02.jpg"
        style="width: 200px;"
      />
      <figcaption>
        Discord announced a set of new features which will start rolling out this summer. This includes threaded conversations, a new Stage Discovery tab, and paid tickets for exclusive stages. Some of these features are still in private beta, but they should allow f…
      </figcaption>
    </figure>
    <h3>
      Cass Marshall
    </h3>
    <p>
      Discord, the popular chat client, is making some changes in 2021. Among these changes are threaded conversations, better ways to discover new communities, and paid tickets to allow creators a new sou… [+1716 chars]
    </p>
    ;
  </li>
  <li>
    <h1>
      Iowa’s COVID-19 positivity rates continue to decline - KCCI Des Moines
    </h1>
    <figure>
      <img
        alt="Iowa’s COVID-19 positivity rates continue to decline - KCCI Des Moines"
        src="https://kubrick.htvapps.com/htv-prod-media.s3.amazonaws.com/images/coronavirus-covid-19-impact-1615576239.jpg?crop=1.00xw:1.00xh;0,0&resize=1200:*"
        style="width: 200px;"
      />
      <figcaption>
        The Iowa Department of Public Health on Thursday reported 295 new positive COVID-19 tests and five additional deaths.
      </figcaption>
    </figure>
    <h3 />
    <p>
      DES MOINES, Iowa —The Iowa Department of Public Health on Thursday reported 295 new positive COVID-19 tests and five additional deaths. 
At 10 a.m., the health department reported 398,791 total posi… [+1126 chars]
    </p>
    ;
  </li>
  <li>
    <h1>
      Zach Wilson's mom makes Instagram private after Disney World rant - New York Post 
    </h1>
    <figure>
      <img
        alt="Zach Wilson's mom makes Instagram private after Disney World rant - New York Post "
        src="https://nypost.com/wp-content/uploads/sites/2/2021/05/wilson_mom_disney.jpg?quality=90&strip=all&w=1200"
        style="width: 200px;"
      />
      <figcaption>
        In a lengthy rant on Instagram stories, Lisa appeared to complain about COVID-19 mask policies at Disney World parks, calling the establishment “maskholes.”
      </figcaption>
    </figure>
    <h3>
      Jenna Lemoncelli
    </h3>
    <p>
      Jets quarterback Zach Wilson’s mom is stepping back from the spotlight.
After receiving a whirlwind of attention when her son went No. 2 in the 2021 NFL Draft, Lisa Wilson has made her social media … [+1816 chars]
    </p>
    ;
  </li>
  <li>
    <h1>
      Andy Reid expects “nice competition” between Patrick Mahomes, Aaron Rodgers - NBC Sports
    </h1>
    <figure>
      <img
        alt="Andy Reid expects “nice competition” between Patrick Mahomes, Aaron Rodgers - NBC Sports"
        src="https://profootballtalk.nbcsports.com/wp-content/uploads/sites/25/2021/05/GettyImages-1171347378-e1620917208725.jpg"
        style="width: 200px;"
      />
      <figcaption>
        Among the attractions of Wednesday night’s schedule release was the chance to see when some of this year’s marquee matchups would take place. We learned Tom Brady will return to New England in Week 4, that Matthew Stafford will face off with Jared Goff in Wee…
      </figcaption>
    </figure>
    <h3>
      Josh Alper
    </h3>
    <p>
      Among the attractions of Wednesday night’s schedule release was the chance to see when some of this year’s marquee matchups would take place.
We learned Tom Brady will return to New England in Week … [+1242 chars]
    </p>
    ;
  </li>
  <li>
    <h1>
      Prince Harry slams Joe Rogan over spreading COVID-19 vaccine misinformation - Fox News
    </h1>
    <figure>
      <img
        alt="Prince Harry slams Joe Rogan over spreading COVID-19 vaccine misinformation - Fox News"
        src="https://static.foxnews.com/foxnews.com/content/uploads/2021/05/prince-harry-getty.jpg"
        style="width: 200px;"
      />
      <figcaption>
        The Duke of Sussex, who appeared on the "Armchair Expert" podcast on, slammed Rogan for spreading misinformation.
      </figcaption>
    </figure>
    <h3>
      Jessica Napoli
    </h3>
    <p>
      Prince Harry wasn't happy with the comments fellow podcast host and comedian Joe Rogan made about the coronavirus vaccine. 
The Duke of Sussex, who appeared on Dax Shepard and Monica Padmans "Armcha… [+2878 chars]
    </p>
    ;
  </li>
  <li>
    <h1>
      Ellen DeGeneres is still in denial over toxic workplace allegations - The A.V. Club
    </h1>
    <figure>
      <img
        alt="Ellen DeGeneres is still in denial over toxic workplace allegations - The A.V. Club"
        src="https://i.kinja-img.com/gawker-media/image/upload/c_fill,f_auto,fl_progressive,g_center,h_675,pg_1,q_80,w_1200/8fd921bc4b05b3f882c5f736fc93875a.png"
        style="width: 200px;"
      />
      <figcaption>
        In an interview with Savannah Guthrie, Ellen DeGeneres claimed that she never saw the show as having a toxic workplace environment and thinks the allegations were "orchestrated."
      </figcaption>
    </figure>
    <h3>
      Tatiana Tenreyro
    </h3>
    <p>
      On Wednesday, it was announced that The Ellen DeGeneres Shows next season will be its last. Its been a long time coming, after BuzzFeed News published an exposé in 2020 where employees detailed how m… [+2946 chars]
    </p>
    ;
  </li>
  <li>
    <h1>
      The latest on Covid-19 and India's worsening crisis: Live updates - CNN
    </h1>
    <figure>
      <img
        alt="The latest on Covid-19 and India's worsening crisis: Live updates - CNN"
        src="https://dynaimage.cdn.cnn.com/cnn/digital-images/org/3bcf6b44-74fa-46c7-a237-ea7bb72fae74.jpg"
        style="width: 200px;"
      />
      <figcaption>
        The coronavirus pandemic has brought countries to a standstill. Meanwhile, vaccinations have already started in some countries as cases continue to rise. Follow here for the latest.
      </figcaption>
    </figure>
    <h3>
      By &lt;a href="/profiles/helen-regan"&gt;Helen Regan&lt;/a&gt;, Adam Renton and &lt;a href="/profiles/aditi-sandal"&gt;Aditi Sangal&lt;/a&gt;, CNN
    </h3>
    <p>
      Taiwan reported 16 new local Covid-19 cases on Wednesday, the highest daily rise since the pandemic began, Taiwans Central News Agency (CNA) reported.
Three of the cases are linked to an arcade in n… [+2029 chars]
    </p>
    ;
  </li>
  <li>
    <h1>
      Colonial Pipeline Paid Hackers Nearly $5 Million in Ransom - Bloomberg
    </h1>
    <figure>
      <img
        alt="Colonial Pipeline Paid Hackers Nearly $5 Million in Ransom - Bloomberg"
        style="width: 200px;"
      />
      <figcaption />
    </figure>
    <h3 />
    <p>
      To continue, please click the box below to let us know you're not a robot.
    </p>
    ;
  </li>
  <li>
    <h1>
      'Black Fungus' Infection Adds To India's COVID Burden : Goats and Soda - NPR
    </h1>
    <figure>
      <img
        alt="'Black Fungus' Infection Adds To India's COVID Burden : Goats and Soda - NPR"
        src="https://media.npr.org/assets/img/2021/05/13/gettyimages-871669346-40_wide-e1468b64d4a90205e5e0f3d7c8cbc46c2f4e8908.jpg?s=1400"
        style="width: 200px;"
      />
      <figcaption>
        Doctors say India's battle with COVID-19 has led to an unprecedented rise in mucormycosis, a rare but dangerous fungal infection that preys on people with weakened immune systems.
      </figcaption>
    </figure>
    <h3 />
    <p>
      A light micrograph of a mature sporangium of a mucor fungus. India is seeing a rise in cases of mucormycosis, a rare but dangerous fungal infection.
Smith Collection/Gado/Getty Images
It's called t… [+5569 chars]
    </p>
    ;
  </li>
  <li>
    <h1>
      Chiefs will be put to the test early in 2021 NFL season | Pro Football Talk | NBC Sports - NBC Sports
    </h1>
    <figure>
      <img
        alt="Chiefs will be put to the test early in 2021 NFL season | Pro Football Talk | NBC Sports - NBC Sports"
        style="width: 200px;"
      />
      <figcaption />
    </figure>
    <h3 />
    <p />
    ;
  </li>
  <li>
    <h1>
      Welsh town seats world’s first known nonbinary mayor - NBC News
    </h1>
    <figure>
      <img
        alt="Welsh town seats world’s first known nonbinary mayor - NBC News"
        src="https://media1.s-nbcnews.com/j/rockcms/2021-05/1466/210513-owen-hurcum-mb-1419-58c15a_283977097c14e46f7fb21917ce68a0432a3774e7.nbcnews-fp-1200-630.jpg"
        style="width: 200px;"
      />
      <figcaption>
        Owen Hurcum took office Monday as the world’s first known nonbinary mayor. They were elected in Bangor, Wales.
      </figcaption>
    </figure>
    <h3>
      Jo Yurcaba
    </h3>
    <p>
      Owen Hurcum took office Monday as the worlds first known nonbinary mayor.
Hurcum, 23, is genderqueer and agender, and was elected unanimously last year by the City Council in Bangor, Wales, after se… [+3641 chars]
    </p>
    ;
  </li>
  <li>
    <h1>
      Top teachers union will call for all US schools to fully reopen by fall - New York Post 
    </h1>
    <figure>
      <img
        alt="Top teachers union will call for all US schools to fully reopen by fall - New York Post "
        src="https://nypost.com/wp-content/uploads/sites/2/2021/05/kids-school-84.jpg?quality=90&strip=all&w=1200"
        style="width: 200px;"
      />
      <figcaption>
        The nation’s second-largest teachers union will on Thursday finally call for all US schools to fully reopen by the next academic year.
      </figcaption>
    </figure>
    <h3>
      Lee Brown, Selim Algar
    </h3>
    <p>
      The head of the national teachers union on Thursday passionately called for all US schools to fully reopen by the next academic year.
There is no doubt: Schools must be open. In person. Five days a … [+1792 chars]
    </p>
    ;
  </li>
  <li>
    <h1>
      Apple needs to show iOS allows competition... while justifying locking it down - The Verge
    </h1>
    <figure>
      <img
        alt="Apple needs to show iOS allows competition... while justifying locking it down - The Verge"
        src="https://cdn.vox-cdn.com/thumbor/XH9IO5InW72pomaPKJsCesJ9XE8=/0x146:2040x1214/fit-in/1200x630/cdn.vox-cdn.com/uploads/chorus_asset/file/15973036/acastro_190319_1777_apple_services_0001.0.jpg"
        style="width: 200px;"
      />
      <figcaption>
        On May 12th, the Epic v. Apple trial turned its focus to competing game platform apps on iOS, including Steam Link, Xbox Mobile, and the Playstation app.
      </figcaption>
    </figure>
    <h3>
      Adi Robertson
    </h3>
    <p>
      A deep look into gaming platform apps on iOS
Illustration by Alex Castro / The Verge
The Epic v. Apple trial will deliver a verdict on whether Apple is suppressing competition. But if you were watc… [+3757 chars]
    </p>
    ;
  </li>
  <li>
    <h1>
      California tree trimmer charged in deadly throat-slashings - ABC News
    </h1>
    <figure>
      <img
        alt="California tree trimmer charged in deadly throat-slashings - ABC News"
        src="https://s.abcnews.com/images/US/WireAP_f6b904b182734a3aa1dd7bbab5c7b782_16x9_992.jpg"
        style="width: 200px;"
      />
      <figcaption />
    </figure>
    <h3>
      The Associated Press
    </h3>
    <p>
      OROVILLE, Calif. -- A tree trimmer in rural Northern California has been charged in throat-slashing serial killings that left three people dead, prosecutors announced Thursday.
Ryan Scott Blinston, … [+3257 chars]
    </p>
    ;
  </li>
  <li>
    <h1>
      Amazon's second-generation earbuds offer more bang for your buck than Apple's standard AirPods - CNBC
    </h1>
    <figure>
      <img
        alt="Amazon's second-generation earbuds offer more bang for your buck than Apple's standard AirPods - CNBC"
        src="https://image.cnbcfm.com/api/v1/image/106867762-1618345018971echo-buds-2-PNG?v=1618345193"
        style="width: 200px;"
      />
      <figcaption>
        CNBC's Todd Haselton reviews Amazon's second-generation Echo Buds headphones and find they're a good alternative to AirPods.
      </figcaption>
    </figure>
    <h3>
      Todd Haselton
    </h3>
    <p>
      Amazon's second-generation Echo Buds
Amazon's new earbuds are a good option if you don't want AirPods. I've been testing Amazon's new Echo Buds for the last several days, and they're an improvement … [+6563 chars]
    </p>
    ;
  </li>
</ul>
`;

exports[`article search app should render relevant articles pertaining to the search 2`] = `
<ul
  aria-label="articles"
>
  <li>
    <h1>
      Pelosi condemns ‘sick’ Republican efforts to downplay Capitol attack – live - The Guardian
    </h1>
    <figure>
      <img
        alt="Pelosi condemns ‘sick’ Republican efforts to downplay Capitol attack – live - The Guardian"
        src="https://i.guim.co.uk/img/media/0f34f847fa918c7edf60a9d086c055590aed8ba5/0_130_5169_3103/master/5169.jpg?width=1200&height=630&quality=85&auto=format&fit=crop&overlay-align=bottom%2Cleft&overlay-width=100p&overlay-base64=L2ltZy9zdGF0aWMvb3ZlcmxheXMvdGctbGl2ZS5wbmc&enable=upscale&s=b0b7cf5d7fdd8489968752cf92a2df46"
        style="width: 200px;"
      />
      <figcaption>
        House speaker says comment from Republican congressman was ‘beyond denial. It fell into the range of sick’ – follow the latest live
      </figcaption>
    </figure>
    <h3>
      Joan E Greve, Oliver Milman
    </h3>
    <p />
    ;
  </li>
  <li>
    <h1>
      Judge postpones trial for 3 ex-cops charged in Floyd's death - Associated Press
    </h1>
    <figure>
      <img
        alt="Judge postpones trial for 3 ex-cops charged in Floyd's death - Associated Press"
        src="https://storage.googleapis.com/afs-prod/media/8e5e13bf88934629a731fd41cc401009/3000.jpeg"
        style="width: 200px;"
      />
      <figcaption>
        MINNEAPOLIS (AP) — The trial of three former Minneapolis police officers charged with aiding and abetting in the death of George Floyd   will be pushed back to March 2022, in part to allow the publicity over Derek Chauvin's conviction to cool off, a judge rul…
      </figcaption>
    </figure>
    <h3>
      Amy Forliti
    </h3>
    <p>
      MINNEAPOLIS (AP) The trial of three former Minneapolis police officers charged with aiding and abetting in the death of George Floyd will be pushed back to March 2022, in part to allow the publicity … [+5344 chars]
    </p>
    ;
  </li>
  <li>
    <h1>
      Central Pa. weather: cool stretch continues, but warmer days are on the horizon - WGAL Susquehanna Valley Pa.
    </h1>
    <figure>
      <img
        alt="Central Pa. weather: cool stretch continues, but warmer days are on the horizon - WGAL Susquehanna Valley Pa."
        src="https://kubrick.htvapps.com/vidthumb/images/central-pennsylvania-10-day-forecast-1620905744.jpg?crop=1xw:1xh;center,top&resize=1200:*"
        style="width: 200px;"
      />
      <figcaption>
        WGAL News 8 Storm Team forecast
      </figcaption>
    </figure>
    <h3>
      Christine Ferreira
    </h3>
    <p />
    ;
  </li>
  <li>
    <h1>
      Bitcoin 'is going to be just fine without Elon': Celsius Network CEO - Yahoo Finance
    </h1>
    <figure>
      <img
        alt="Bitcoin 'is going to be just fine without Elon': Celsius Network CEO - Yahoo Finance"
        src="https://s.yimg.com/ny/api/res/1.2/toeM.QS6mlVX5rUAXmQlRw--/YXBwaWQ9aGlnaGxhbmRlcjt3PTIwMDA7aD0xMTI1/https://s.yimg.com/hd/cp-video-transcode/prod/2021-05/13/609d461a60b4aa6168ac492e/609d461a60b4aa6168ac492f_o_U_v2.jpg"
        style="width: 200px;"
      />
      <figcaption>
        Bitcoin falls as Elon Musk announces that Tesla will no longer accept Bitcoin. Celsius Network Founder and CEO Alex Mashinsky joins Yahoo Finance Live to...
      </figcaption>
    </figure>
    <h3>
      Yahoo Finance Video
    </h3>
    <p>
      Investing is all about profits, and part of generating profits is knowing when to start the game. The old adage says to buy low and sell high, and while its tempting just to discount cliches like tha… [+8818 chars]
    </p>
    ;
  </li>
  <li>
    <h1>
      Where children 12 and up can get the Pfizer COVID-19 vaccine in California - KCRA Sacramento
    </h1>
    <figure>
      <img
        alt="Where children 12 and up can get the Pfizer COVID-19 vaccine in California - KCRA Sacramento"
        src="https://kubrick.htvapps.com/htv-prod-media.s3.amazonaws.com/images/pfizer-1608344968.jpg?crop=1.00xw:1.00xh;0,0&resize=1200:*"
        style="width: 200px;"
      />
      <figcaption>
        COVID-19 vaccine appointments are becoming available in California for children ages 12 to 15 after health officials endorsed the use of the Pfizer vaccine for this age range.
      </figcaption>
    </figure>
    <h3>
      KCRA Staff
    </h3>
    <p>
      SACRAMENTO, Calif. —COVID-19 vaccine appointments are becoming available in California for children ages 12 to 15 after health officials endorsed the use of the Pfizer vaccine for this age range. 
R… [+2053 chars]
    </p>
    ;
  </li>
  <li>
    <h1>
      Discord announces threads, Stage discovery, paid tickets for Stages - Polygon
    </h1>
    <figure>
      <img
        alt="Discord announces threads, Stage discovery, paid tickets for Stages - Polygon"
        src="https://cdn.vox-cdn.com/thumbor/P9Q2bTFl_NXpxKXjnA-o6pkQfu0=/34x0:1467x750/fit-in/1200x630/cdn.vox-cdn.com/uploads/chorus_asset/file/22511751/Discord_IAP_KeyVisuals_Header_02.jpg"
        style="width: 200px;"
      />
      <figcaption>
        Discord announced a set of new features which will start rolling out this summer. This includes threaded conversations, a new Stage Discovery tab, and paid tickets for exclusive stages. Some of these features are still in private beta, but they should allow f…
      </figcaption>
    </figure>
    <h3>
      Cass Marshall
    </h3>
    <p>
      Discord, the popular chat client, is making some changes in 2021. Among these changes are threaded conversations, better ways to discover new communities, and paid tickets to allow creators a new sou… [+1716 chars]
    </p>
    ;
  </li>
  <li>
    <h1>
      Iowa’s COVID-19 positivity rates continue to decline - KCCI Des Moines
    </h1>
    <figure>
      <img
        alt="Iowa’s COVID-19 positivity rates continue to decline - KCCI Des Moines"
        src="https://kubrick.htvapps.com/htv-prod-media.s3.amazonaws.com/images/coronavirus-covid-19-impact-1615576239.jpg?crop=1.00xw:1.00xh;0,0&resize=1200:*"
        style="width: 200px;"
      />
      <figcaption>
        The Iowa Department of Public Health on Thursday reported 295 new positive COVID-19 tests and five additional deaths.
      </figcaption>
    </figure>
    <h3 />
    <p>
      DES MOINES, Iowa —The Iowa Department of Public Health on Thursday reported 295 new positive COVID-19 tests and five additional deaths. 
At 10 a.m., the health department reported 398,791 total posi… [+1126 chars]
    </p>
    ;
  </li>
  <li>
    <h1>
      Zach Wilson's mom makes Instagram private after Disney World rant - New York Post 
    </h1>
    <figure>
      <img
        alt="Zach Wilson's mom makes Instagram private after Disney World rant - New York Post "
        src="https://nypost.com/wp-content/uploads/sites/2/2021/05/wilson_mom_disney.jpg?quality=90&strip=all&w=1200"
        style="width: 200px;"
      />
      <figcaption>
        In a lengthy rant on Instagram stories, Lisa appeared to complain about COVID-19 mask policies at Disney World parks, calling the establishment “maskholes.”
      </figcaption>
    </figure>
    <h3>
      Jenna Lemoncelli
    </h3>
    <p>
      Jets quarterback Zach Wilson’s mom is stepping back from the spotlight.
After receiving a whirlwind of attention when her son went No. 2 in the 2021 NFL Draft, Lisa Wilson has made her social media … [+1816 chars]
    </p>
    ;
  </li>
  <li>
    <h1>
      Andy Reid expects “nice competition” between Patrick Mahomes, Aaron Rodgers - NBC Sports
    </h1>
    <figure>
      <img
        alt="Andy Reid expects “nice competition” between Patrick Mahomes, Aaron Rodgers - NBC Sports"
        src="https://profootballtalk.nbcsports.com/wp-content/uploads/sites/25/2021/05/GettyImages-1171347378-e1620917208725.jpg"
        style="width: 200px;"
      />
      <figcaption>
        Among the attractions of Wednesday night’s schedule release was the chance to see when some of this year’s marquee matchups would take place. We learned Tom Brady will return to New England in Week 4, that Matthew Stafford will face off with Jared Goff in Wee…
      </figcaption>
    </figure>
    <h3>
      Josh Alper
    </h3>
    <p>
      Among the attractions of Wednesday night’s schedule release was the chance to see when some of this year’s marquee matchups would take place.
We learned Tom Brady will return to New England in Week … [+1242 chars]
    </p>
    ;
  </li>
  <li>
    <h1>
      Prince Harry slams Joe Rogan over spreading COVID-19 vaccine misinformation - Fox News
    </h1>
    <figure>
      <img
        alt="Prince Harry slams Joe Rogan over spreading COVID-19 vaccine misinformation - Fox News"
        src="https://static.foxnews.com/foxnews.com/content/uploads/2021/05/prince-harry-getty.jpg"
        style="width: 200px;"
      />
      <figcaption>
        The Duke of Sussex, who appeared on the "Armchair Expert" podcast on, slammed Rogan for spreading misinformation.
      </figcaption>
    </figure>
    <h3>
      Jessica Napoli
    </h3>
    <p>
      Prince Harry wasn't happy with the comments fellow podcast host and comedian Joe Rogan made about the coronavirus vaccine. 
The Duke of Sussex, who appeared on Dax Shepard and Monica Padmans "Armcha… [+2878 chars]
    </p>
    ;
  </li>
  <li>
    <h1>
      Ellen DeGeneres is still in denial over toxic workplace allegations - The A.V. Club
    </h1>
    <figure>
      <img
        alt="Ellen DeGeneres is still in denial over toxic workplace allegations - The A.V. Club"
        src="https://i.kinja-img.com/gawker-media/image/upload/c_fill,f_auto,fl_progressive,g_center,h_675,pg_1,q_80,w_1200/8fd921bc4b05b3f882c5f736fc93875a.png"
        style="width: 200px;"
      />
      <figcaption>
        In an interview with Savannah Guthrie, Ellen DeGeneres claimed that she never saw the show as having a toxic workplace environment and thinks the allegations were "orchestrated."
      </figcaption>
    </figure>
    <h3>
      Tatiana Tenreyro
    </h3>
    <p>
      On Wednesday, it was announced that The Ellen DeGeneres Shows next season will be its last. Its been a long time coming, after BuzzFeed News published an exposé in 2020 where employees detailed how m… [+2946 chars]
    </p>
    ;
  </li>
  <li>
    <h1>
      The latest on Covid-19 and India's worsening crisis: Live updates - CNN
    </h1>
    <figure>
      <img
        alt="The latest on Covid-19 and India's worsening crisis: Live updates - CNN"
        src="https://dynaimage.cdn.cnn.com/cnn/digital-images/org/3bcf6b44-74fa-46c7-a237-ea7bb72fae74.jpg"
        style="width: 200px;"
      />
      <figcaption>
        The coronavirus pandemic has brought countries to a standstill. Meanwhile, vaccinations have already started in some countries as cases continue to rise. Follow here for the latest.
      </figcaption>
    </figure>
    <h3>
      By &lt;a href="/profiles/helen-regan"&gt;Helen Regan&lt;/a&gt;, Adam Renton and &lt;a href="/profiles/aditi-sandal"&gt;Aditi Sangal&lt;/a&gt;, CNN
    </h3>
    <p>
      Taiwan reported 16 new local Covid-19 cases on Wednesday, the highest daily rise since the pandemic began, Taiwans Central News Agency (CNA) reported.
Three of the cases are linked to an arcade in n… [+2029 chars]
    </p>
    ;
  </li>
  <li>
    <h1>
      Colonial Pipeline Paid Hackers Nearly $5 Million in Ransom - Bloomberg
    </h1>
    <figure>
      <img
        alt="Colonial Pipeline Paid Hackers Nearly $5 Million in Ransom - Bloomberg"
        style="width: 200px;"
      />
      <figcaption />
    </figure>
    <h3 />
    <p>
      To continue, please click the box below to let us know you're not a robot.
    </p>
    ;
  </li>
  <li>
    <h1>
      'Black Fungus' Infection Adds To India's COVID Burden : Goats and Soda - NPR
    </h1>
    <figure>
      <img
        alt="'Black Fungus' Infection Adds To India's COVID Burden : Goats and Soda - NPR"
        src="https://media.npr.org/assets/img/2021/05/13/gettyimages-871669346-40_wide-e1468b64d4a90205e5e0f3d7c8cbc46c2f4e8908.jpg?s=1400"
        style="width: 200px;"
      />
      <figcaption>
        Doctors say India's battle with COVID-19 has led to an unprecedented rise in mucormycosis, a rare but dangerous fungal infection that preys on people with weakened immune systems.
      </figcaption>
    </figure>
    <h3 />
    <p>
      A light micrograph of a mature sporangium of a mucor fungus. India is seeing a rise in cases of mucormycosis, a rare but dangerous fungal infection.
Smith Collection/Gado/Getty Images
It's called t… [+5569 chars]
    </p>
    ;
  </li>
  <li>
    <h1>
      Chiefs will be put to the test early in 2021 NFL season | Pro Football Talk | NBC Sports - NBC Sports
    </h1>
    <figure>
      <img
        alt="Chiefs will be put to the test early in 2021 NFL season | Pro Football Talk | NBC Sports - NBC Sports"
        style="width: 200px;"
      />
      <figcaption />
    </figure>
    <h3 />
    <p />
    ;
  </li>
  <li>
    <h1>
      Welsh town seats world’s first known nonbinary mayor - NBC News
    </h1>
    <figure>
      <img
        alt="Welsh town seats world’s first known nonbinary mayor - NBC News"
        src="https://media1.s-nbcnews.com/j/rockcms/2021-05/1466/210513-owen-hurcum-mb-1419-58c15a_283977097c14e46f7fb21917ce68a0432a3774e7.nbcnews-fp-1200-630.jpg"
        style="width: 200px;"
      />
      <figcaption>
        Owen Hurcum took office Monday as the world’s first known nonbinary mayor. They were elected in Bangor, Wales.
      </figcaption>
    </figure>
    <h3>
      Jo Yurcaba
    </h3>
    <p>
      Owen Hurcum took office Monday as the worlds first known nonbinary mayor.
Hurcum, 23, is genderqueer and agender, and was elected unanimously last year by the City Council in Bangor, Wales, after se… [+3641 chars]
    </p>
    ;
  </li>
  <li>
    <h1>
      Top teachers union will call for all US schools to fully reopen by fall - New York Post 
    </h1>
    <figure>
      <img
        alt="Top teachers union will call for all US schools to fully reopen by fall - New York Post "
        src="https://nypost.com/wp-content/uploads/sites/2/2021/05/kids-school-84.jpg?quality=90&strip=all&w=1200"
        style="width: 200px;"
      />
      <figcaption>
        The nation’s second-largest teachers union will on Thursday finally call for all US schools to fully reopen by the next academic year.
      </figcaption>
    </figure>
    <h3>
      Lee Brown, Selim Algar
    </h3>
    <p>
      The head of the national teachers union on Thursday passionately called for all US schools to fully reopen by the next academic year.
There is no doubt: Schools must be open. In person. Five days a … [+1792 chars]
    </p>
    ;
  </li>
  <li>
    <h1>
      Apple needs to show iOS allows competition... while justifying locking it down - The Verge
    </h1>
    <figure>
      <img
        alt="Apple needs to show iOS allows competition... while justifying locking it down - The Verge"
        src="https://cdn.vox-cdn.com/thumbor/XH9IO5InW72pomaPKJsCesJ9XE8=/0x146:2040x1214/fit-in/1200x630/cdn.vox-cdn.com/uploads/chorus_asset/file/15973036/acastro_190319_1777_apple_services_0001.0.jpg"
        style="width: 200px;"
      />
      <figcaption>
        On May 12th, the Epic v. Apple trial turned its focus to competing game platform apps on iOS, including Steam Link, Xbox Mobile, and the Playstation app.
      </figcaption>
    </figure>
    <h3>
      Adi Robertson
    </h3>
    <p>
      A deep look into gaming platform apps on iOS
Illustration by Alex Castro / The Verge
The Epic v. Apple trial will deliver a verdict on whether Apple is suppressing competition. But if you were watc… [+3757 chars]
    </p>
    ;
  </li>
  <li>
    <h1>
      California tree trimmer charged in deadly throat-slashings - ABC News
    </h1>
    <figure>
      <img
        alt="California tree trimmer charged in deadly throat-slashings - ABC News"
        src="https://s.abcnews.com/images/US/WireAP_f6b904b182734a3aa1dd7bbab5c7b782_16x9_992.jpg"
        style="width: 200px;"
      />
      <figcaption />
    </figure>
    <h3>
      The Associated Press
    </h3>
    <p>
      OROVILLE, Calif. -- A tree trimmer in rural Northern California has been charged in throat-slashing serial killings that left three people dead, prosecutors announced Thursday.
Ryan Scott Blinston, … [+3257 chars]
    </p>
    ;
  </li>
  <li>
    <h1>
      Amazon's second-generation earbuds offer more bang for your buck than Apple's standard AirPods - CNBC
    </h1>
    <figure>
      <img
        alt="Amazon's second-generation earbuds offer more bang for your buck than Apple's standard AirPods - CNBC"
        src="https://image.cnbcfm.com/api/v1/image/106867762-1618345018971echo-buds-2-PNG?v=1618345193"
        style="width: 200px;"
      />
      <figcaption>
        CNBC's Todd Haselton reviews Amazon's second-generation Echo Buds headphones and find they're a good alternative to AirPods.
      </figcaption>
    </figure>
    <h3>
      Todd Haselton
    </h3>
    <p>
      Amazon's second-generation Echo Buds
Amazon's new earbuds are a good option if you don't want AirPods. I've been testing Amazon's new Echo Buds for the last several days, and they're an improvement … [+6563 chars]
    </p>
    ;
  </li>
</ul>
`;
